
> react-vite-tailwind@0.0.0 build
> vite build && node -e "require('fs').copyFileSync('_routes.json', 'dist/_routes.json'); require('fs').copyFileSync('_redirects', 'dist/_redirects')"

[36mvite v7.2.4 [32mbuilding client environment for production...[36m[39m
transforming...
node.exe : Found 1 warning while 
optimizing generated CSS:
At line:1 char:1
+ & "C:\Program Files\nodejs/node.exe" 
"C:\Program Files\nodejs/node_mo ...
+ ~~~~~~~~~~~~~~~~~~~~~~~~~~~~~~~~~~~~~~~
~~~~~~~~~~~~~~~~~~~~~~~~~~~~~~
    + CategoryInfo          : NotSpecifi 
   ed: (Found 1 warning... generated CS  
  S::String) [], RemoteException
    + FullyQualifiedErrorId : NativeComm 
   andError
 

[2mΓöé   }[22m
[2mΓöé }[22m
[2mΓöé[22m @import url('https://fonts.g
oogleapis.com/css2?family=Inter:wght@100.
.900&family=JetBrains+Mono:wght@400;700&d
isplay=swap');
[2mΓöå[22m        [33m[2m^--[22m 
@import rules must precede all rules 
aside from @charset and @layer 
statements[39m
[2mΓöå[22m
[2mΓöé :root {[22m
[2mΓöé   --t-primary: #6366f1;[22m

[32mΓ£ô[39m 3835 modules transformed.
[31mΓ£ù[39m Build failed in 6.89s
[31merror during build:
[31msrc/lib/gemini.ts (5:9): 
"recognizeIntent" is not exported by 
"src/lib/local-ai/intent-engine.ts", 
imported by "src/lib/gemini.ts".[31m
file: [36mC:/Users/drumm/Downloads/whole
scaleos-main 
(1)/src/lib/gemini.ts:5:9[31m
[33m
3: import { supabase, 
isSupabaseConfigured } from './supabase';
4: import { sendSMS } from 
'./sms-service';
5: import { recognizeIntent } from 
'./local-ai/intent-engine';
            ^
6: import { executeTask } from 
'./local-ai/task-executor';
7: import { generateResponse } from 
'./local-ai/response-generator';
[31m
    at getRollupError (file:///C:/Users/d
rumm/Downloads/wholescaleos-main%20(1)/no
de_modules/rollup/dist/es/shared/parseAst
.js:402:41)
    at error (file:///C:/Users/drumm/Down
loads/wholescaleos-main%20(1)/node_module
s/rollup/dist/es/shared/parseAst.js:398:4
2)
    at Module.error (file:///C:/Users/dru
mm/Downloads/wholescaleos-main%20(1)/node
_modules/rollup/dist/es/shared/node-entry
.js:17040:16)
    at Module.traceVariable (file:///C:/U
sers/drumm/Downloads/wholescaleos-main%20
(1)/node_modules/rollup/dist/es/shared/no
de-entry.js:17452:29)
    at ModuleScope.findVariable (file:///
C:/Users/drumm/Downloads/wholescaleos-mai
n%20(1)/node_modules/rollup/dist/es/share
d/node-entry.js:15070:39)
    at FunctionScope.findVariable (file:/
//C:/Users/drumm/Downloads/wholescaleos-m
ain%20(1)/node_modules/rollup/dist/es/sha
red/node-entry.js:5673:38)
    at FunctionBodyScope.findVariable (fi
le:///C:/Users/drumm/Downloads/wholescale
os-main%20(1)/node_modules/rollup/dist/es
/shared/node-entry.js:5673:38)
    at Identifier.bind (file:///C:/Users/
drumm/Downloads/wholescaleos-main%20(1)/n
ode_modules/rollup/dist/es/shared/node-en
try.js:5447:40)
    at CallExpression.bind (file:///C:/Us
ers/drumm/Downloads/wholescaleos-main%20(
1)/node_modules/rollup/dist/es/shared/nod
e-entry.js:2829:23)
    at CallExpression.bind (file:///C:/Us
ers/drumm/Downloads/wholescaleos-main%20(
1)/node_modules/rollup/dist/es/shared/nod
e-entry.js:12179:15)[39m
