src/components/FileUploader.tsx(2,52): error TS6133: 'ImageIcon' is declared but its value is never read.
src/components/FileUploader.tsx(2,63): error TS6133: 'FileText' is declared but its value is never read.
src/lib/storage.ts(17,3): error TS6133: 'onProgress' is declared but its value is never read.
src/pages/Chat.tsx(1401,11): error TS6133: 'bucket' is declared but its value is never read.
src/pages/Chat.tsx(1404,11): error TS6133: 'tempId' is declared but its value is never read.
