
> react-vite-tailwind@0.0.0 build
> vite build && node -e "require('fs').copyFileSync('_routes.json', 'dist/_routes.json'); require('fs').copyFileSync('_redirects', 'dist/_redirects')"

[36mvite v7.2.4 [32mbuilding client environment for production...[36m[39m
transforming...
node.exe : Found 1 warning while 
optimizing generated CSS:
At line:1 char:1
+ & "C:\Program Files\nodejs/node.exe" 
"C:\Program Files\nodejs/node_mo ...
+ ~~~~~~~~~~~~~~~~~~~~~~~~~~~~~~~~~~~~~~~
~~~~~~~~~~~~~~~~~~~~~~~~~~~~~~
    + CategoryInfo          : NotSpecifi 
   ed: (Found 1 warning... generated CS  
  S::String) [], RemoteException
    + FullyQualifiedErrorId : NativeComm 
   andError
 

[2mΓöé   }[22m
[2mΓöé }[22m
[2mΓöé[22m @import url('https://fonts.g
oogleapis.com/css2?family=Inter:wght@100.
.900&family=JetBrains+Mono:wght@400;700&d
isplay=swap');
[2mΓöå[22m        [33m[2m^--[22m 
@import rules must precede all rules 
aside from @charset and @layer 
statements[39m
[2mΓöå[22m
[2mΓöé :root {[22m
[2mΓöé   --t-primary: #6366f1;[22m

[32mΓ£ô[39m 1129 modules transformed.
[31mΓ£ù[39m Build failed in 2.33s
[31merror during build:
[31mCould not resolve "./OSMessages" 
from "src/components/Layout.tsx"[31m
file: [36mC:/Users/drumm/Downloads/whole
scaleos-main 
(1)/src/components/Layout.tsx[31m
    at getRollupError (file:///C:/Users/d
rumm/Downloads/wholescaleos-main%20(1)/no
de_modules/rollup/dist/es/shared/parseAst
.js:402:41)
    at error (file:///C:/Users/drumm/Down
loads/wholescaleos-main%20(1)/node_module
s/rollup/dist/es/shared/parseAst.js:398:4
2)
    at 
ModuleLoader.handleInvalidResolvedId (fil
e:///C:/Users/drumm/Downloads/wholescaleo
s-main%20(1)/node_modules/rollup/dist/es/
shared/node-entry.js:21710:24)
    at file:///C:/Users/drumm/Downloads/w
holescaleos-main%20(1)/node_modules/rollu
p/dist/es/shared/node-entry.js:21670:26[
39m
