src/components/Layout.tsx(41,29): error TS6133: 'lastAutoSave' is declared but its value is never read.
src/components/SaveLeadModal.tsx(26,21): error TS2345: Argument of type '{ name: string; email: string; phone: string; propertyAddress: string; status: "new"; source: "other"; notes: string; assignedTo: string; propertyType: string; estimatedValue: number; offerAmount: number; ... 5 more ...; competitionLevel: number; }' is not assignable to parameter of type 'Omit<Lead, "id" | "timeline" | "createdAt" | "updatedAt" | "statusHistory">'.
  Type '{ name: string; email: string; phone: string; propertyAddress: string; status: "new"; source: "other"; notes: string; assignedTo: string; propertyType: string; estimatedValue: number; offerAmount: number; ... 5 more ...; competitionLevel: number; }' is missing the following properties from type 'Omit<Lead, "id" | "timeline" | "createdAt" | "updatedAt" | "statusHistory">': sqft, bedrooms, bathrooms, documents
src/lib/gemini.ts(162,17): error TS2345: Argument of type '{ name: string; email: string; phone: string; status: "new"; source: "other"; propertyAddress: string; propertyType: string; estimatedValue: number; offerAmount: number; lat: number; lng: number; ... 5 more ...; competitionLevel: number; }' is not assignable to parameter of type 'Omit<Lead, "id" | "timeline" | "createdAt" | "updatedAt" | "statusHistory">'.
  Type '{ name: string; email: string; phone: string; status: "new"; source: "other"; propertyAddress: string; propertyType: string; estimatedValue: number; offerAmount: number; lat: number; lng: number; ... 5 more ...; competitionLevel: number; }' is missing the following properties from type 'Omit<Lead, "id" | "timeline" | "createdAt" | "updatedAt" | "statusHistory">': sqft, bedrooms, bathrooms, documents
src/lib/storage.ts(17,3): error TS6133: 'onProgress' is declared but its value is never read.
src/pages/Chat.tsx(1401,11): error TS6133: 'bucket' is declared but its value is never read.
src/pages/Chat.tsx(1404,11): error TS6133: 'tempId' is declared but its value is never read.
src/pages/SettingsPage.tsx(1268,19): error TS6133: 'team' is declared but its value is never read.
src/pages/SMSInbox.tsx(721,33): error TS2345: Argument of type '{ name: string; email: string; phone: string; status: "new"; source: "other"; propertyAddress: string; propertyType: string; estimatedValue: number; offerAmount: number; lat: number; lng: number; ... 5 more ...; competitionLevel: number; }' is not assignable to parameter of type 'Omit<Lead, "id" | "timeline" | "createdAt" | "updatedAt" | "statusHistory">'.
  Type '{ name: string; email: string; phone: string; status: "new"; source: "other"; propertyAddress: string; propertyType: string; estimatedValue: number; offerAmount: number; lat: number; lng: number; ... 5 more ...; competitionLevel: number; }' is missing the following properties from type 'Omit<Lead, "id" | "timeline" | "createdAt" | "updatedAt" | "statusHistory">': sqft, bedrooms, bathrooms, documents
src/pages/SMSInbox.tsx(854,39): error TS2345: Argument of type '{ name: string; email: string; phone: string; status: "new"; source: "other"; propertyAddress: string; propertyType: string; estimatedValue: number; offerAmount: number; lat: number; lng: number; ... 5 more ...; competitionLevel: number; }' is not assignable to parameter of type 'Omit<Lead, "id" | "timeline" | "createdAt" | "updatedAt" | "statusHistory">'.
  Type '{ name: string; email: string; phone: string; status: "new"; source: "other"; propertyAddress: string; propertyType: string; estimatedValue: number; offerAmount: number; lat: number; lng: number; ... 5 more ...; competitionLevel: number; }' is missing the following properties from type 'Omit<Lead, "id" | "timeline" | "createdAt" | "updatedAt" | "statusHistory">': sqft, bedrooms, bathrooms, documents
src/pages/SMSInbox.tsx(959,33): error TS2345: Argument of type '{ name: string; email: string; phone: string; status: "new"; source: "other"; propertyAddress: string; propertyType: string; estimatedValue: number; offerAmount: number; lat: number; lng: number; ... 5 more ...; competitionLevel: number; }' is not assignable to parameter of type 'Omit<Lead, "id" | "timeline" | "createdAt" | "updatedAt" | "statusHistory">'.
  Type '{ name: string; email: string; phone: string; status: "new"; source: "other"; propertyAddress: string; propertyType: string; estimatedValue: number; offerAmount: number; lat: number; lng: number; ... 5 more ...; competitionLevel: number; }' is missing the following properties from type 'Omit<Lead, "id" | "timeline" | "createdAt" | "updatedAt" | "statusHistory">': sqft, bedrooms, bathrooms, documents
src/pages/SMSInbox.tsx(982,35): error TS2345: Argument of type '{ name: string; email: string; phone: string; status: "new"; source: "other"; propertyAddress: string; propertyType: string; estimatedValue: number; offerAmount: number; lat: number; lng: number; ... 5 more ...; competitionLevel: number; }' is not assignable to parameter of type 'Omit<Lead, "id" | "timeline" | "createdAt" | "updatedAt" | "statusHistory">'.
  Type '{ name: string; email: string; phone: string; status: "new"; source: "other"; propertyAddress: string; propertyType: string; estimatedValue: number; offerAmount: number; lat: number; lng: number; ... 5 more ...; competitionLevel: number; }' is missing the following properties from type 'Omit<Lead, "id" | "timeline" | "createdAt" | "updatedAt" | "statusHistory">': sqft, bedrooms, bathrooms, documents
