src/components/settings/AIProviderSettings.tsx(24,10): error TS6133: 'migrating' is declared but its value is never read.
src/components/settings/AIProviderSettings.tsx(25,10): error TS6133: 'loading' is declared but its value is never read.
src/components/settings/AIProviderSettings.tsx(167,9): error TS6133: 'usedToday' is declared but its value is never read.
src/lib/ai/api-router.ts(42,39): error TS2339: Property 'env' does not exist on type 'ImportMeta'.
src/lib/ai/api-router.ts(57,9): error TS6133: 'lastError' is declared but its value is never read.
src/lib/local-ai/handlers/task-handler.ts(76,33): error TS2322: Type '"completed"' is not assignable to type 'TaskStatus | undefined'.
src/lib/local-ai/intent-engine.ts(203,10): error TS6133: 'categorizeSmallTalk' is declared but its value is never read.
src/lib/supabase-sync.tsx(16,1): error TS6192: All imports in import declaration are unused.
src/lib/supabase-sync.tsx(17,1): error TS6133: 'Logo' is declared but its value is never read.
src/pages/AITest.tsx(2,1): error TS6133: 'useNavigate' is declared but its value is never read.
src/pages/AITest.tsx(328,26): error TS2345: Argument of type 'string' is not assignable to parameter of type 'number'.
src/pages/Dashboard.tsx(27,10): error TS6133: 'Skeleton' is declared but its value is never read.
src/pages/EmailInbox.tsx(20,1): error TS6133: 'EmailInboxSkeleton' is declared but its value is never read.
src/pages/EmailInbox.tsx(21,10): error TS2614: Module '"../components/EmailComposeModal"' has no exported member 'EmailComposeModal'. Did you mean to use 'import EmailComposeModal from "../components/EmailComposeModal"' instead?
src/pages/EmailInbox.tsx(22,10): error TS2614: Module '"../components/admin/RichTextEditor"' has no exported member 'RichTextEditor'. Did you mean to use 'import RichTextEditor from "../components/admin/RichTextEditor"' instead?
src/pages/LeadManagement.tsx(64,13): error TS2304: Cannot find name 'LeadDetailSkeleton'.
src/pages/SettingsPage.tsx(12,14): error TS6133: 'Send' is declared but its value is never read.
src/pages/SMSInbox.tsx(20,1): error TS6133: 'GoogleCalendarService' is declared but its value is never read.
src/pages/SMSInbox.tsx(203,22): error TS2304: Cannot find name 'searchQuery'.
src/pages/SMSInbox.tsx(204,40): error TS2304: Cannot find name 'searchQuery'.
src/pages/SMSInbox.tsx(205,42): error TS2304: Cannot find name 'searchQuery'.
src/pages/SMSInbox.tsx(229,5): error TS2304: Cannot find name 'setIsAnalyzing'.
src/pages/SMSInbox.tsx(242,7): error TS2304: Cannot find name 'setIsAnalyzing'.
src/pages/SMSInbox.tsx(273,59): error TS6133: 'carrier' is declared but its value is never read.
src/pages/SMSInbox.tsx(299,11): error TS2353: Object literal may only specify known properties, and 'performedBy' does not exist in type 'Omit<TimelineEntry, "id">'.
src/pages/SMSInbox.tsx(331,9): error TS6133: 'filteredContactSearch' is declared but its value is never read.
src/pages/SMSInbox.tsx(336,37): error TS2304: Cannot find name 'contactSearch'.
src/pages/SMSInbox.tsx(337,24): error TS2304: Cannot find name 'contactSearch'.
src/pages/SMSInbox.tsx(339,7): error TS2304: Cannot find name 'contactSearch'.
src/pages/SMSInbox.tsx(357,30): error TS2304: Cannot find name 'setShowCompose'.
src/pages/SMSInbox.tsx(369,22): error TS2304: Cannot find name 'searchQuery'.
src/pages/SMSInbox.tsx(370,32): error TS2304: Cannot find name 'setSearchQuery'.
src/pages/SMSInbox.tsx(684,8): error TS2304: Cannot find name 'showCompose'.
src/pages/SMSInbox.tsx(689,38): error TS2304: Cannot find name 'setShowCompose'.
src/pages/SMSInbox.tsx(740,21): error TS2304: Cannot find name 'setShowCompose'.
